// Vitest Snapshot v1

exports[`anchorme 1`] = `"<a target=\\"_blank\\"  rel=\\"noreferrer noopener\\" href=\\"https://google.com\\">https://google.com</a>"`;
