// Vitest Snapshot v1

exports[`anchorme 1`] = `Promise {}`;
